
   FAIL  Tests\Feature\Club\ClubTest
  Ô£ô user canÔÇª  0.79s  
  Ô£ô creator cÔÇª 0.10s  
  Ô¿» admin canÔÇª 0.09s  
  Ô¿» approvalÔÇª  0.07s  
  Ô£ô unapproveÔÇª 0.06s  
  Ô£ô unapproveÔÇª 0.06s  
  ÔöÇÔöÇÔöÇÔöÇÔöÇÔöÇÔöÇÔöÇÔöÇÔöÇÔöÇÔöÇÔöÇÔöÇÔöÇÔöÇÔöÇÔöÇ  
   FAILED  Tests\FÔÇª   
  Expected response status code [201, 301, 302, 303, 307, 308] but received 403.
Failed asserting that false is true.

  at tests\Feature\Club\ClubTest.php:80
     76Ôûò         ]);
     77Ôûò 
     78Ôûò         $response = $this->actingAs($admin)->post(route('admin.clubs.approve', $club->club_id));
     79Ôûò 
  Ô×£  80Ôûò         $response->assertRedirect();
     81Ôûò         $response->assertSessionHas('success');
     82Ôûò 
     83Ôûò         $this->assertDatabaseHas('clubs', [
     84Ôûò             'club_id' => $club->club_id,

  ÔöÇÔöÇÔöÇÔöÇÔöÇÔöÇÔöÇÔöÇÔöÇÔöÇÔöÇÔöÇÔöÇÔöÇÔöÇÔöÇÔöÇÔöÇ  
   FAILED  Tests\FÔÇª   
  Expected response status code [201, 301, 302, 303, 307, 308] but received 403.
Failed asserting that false is true.

  at tests\Feature\Club\ClubTest.php:109
    105Ôûò 
    106Ôûò         // Attempt approval
    107Ôûò         $response = $this->actingAs($admin)->post(route('admin.clubs.approve', $club->club_id));
    108Ôûò 
  Ô×£ 109Ôûò         $response->assertRedirect();
    110Ôûò         $response->assertSessionHas('success');
    111Ôûò 
    112Ôûò         // Should be approved
    113Ôûò         $this->assertTrue($club->refresh()->is_approved);


  Tests:    2 failed, 4 passed (8 assertions)
  Duration: 1.34s

